// Jest Snapshot v1, https://goo.gl/fbAQLP

exports[`Header should render correctly 1`] = `
<div
  className="topHeader sticky"
>
  <Link
    className="headerLogo header-inline-block"
    to="/"
  >
    <img
      alt="Logo"
      src="logo.png"
    />
  </Link>
  <Link
    to="/category/blog"
  >
    <div
      className="menuItem"
    >
      Blog
    </div>
  </Link>
  <Link
    to="/category/business"
  >
    <div
      className="menuItem"
    >
      Business
    </div>
  </Link>
  <Link
    to="/category/news"
  >
    <div
      className="menuItem"
    >
      News
    </div>
  </Link>
  <Link
    to="/category/tech"
  >
    <div
      className="menuItem"
    >
      Tech
    </div>
  </Link>
  <Link
    to="/category/misc"
  >
    <div
      className="menuItem"
    >
      Misc
    </div>
  </Link>
</div>
`;
